// Jest Snapshot v1, https://goo.gl/fbAQLP

exports[`should render Header correctly 1`] = `
<header
  className="header"
>
  <div
    className="content-container"
  >
    <div
      className="content"
    >
      <Link
        className="title"
        exact={true}
        replace={false}
        to="/dashboard"
      >
        <h1>
          Expensify
        </h1>
      </Link>
      <button
        className="button link"
        onClick={[MockFunction]}
      >
        Logout
      </button>
    </div>
  </div>
</header>
`;
